Possivel: 479001600
Possivel: 178882560
Possivel: 293068800
Possivel: 266803200
Possivel: 358041600
