Possivel: 202199040
Impossivel
Possivel: 27648000
Possivel: 16035840
Possivel: 324172800
