Impossivel
Possivel: 1178880
Possivel: 1036800
Possivel: 913920
Possivel: 733440
