Impossivel
Impossivel
Impossivel
Possivel: 24
Possivel: 16
