Possivel: 6144
Possivel: 1152
Possivel: 384
Possivel: 8448
Possivel: 40320
