Possivel
Possivel
Possivel
Possivel
Possivel
Impossivel
Possivel
Possivel
Impossivel
Possivel
