Impossivel
Impossivel
Impossivel
Impossivel
Impossivel
