Possivel
Possivel
Possivel
Possivel
Possivel
Possivel
Possivel
Possivel
Possivel
Possivel
