Possivel: 71009280
Possivel: 5760000
Possivel: 13363200
Possivel: 479001600
Possivel: 10321920
