Possivel: 24
Possivel: 720
Possivel: 40320
Possivel: 3628800
Possivel: 479001600
