Possivel: 2
Impossivel
Impossivel
Possivel: 2
Possivel: 2
