5 5 5 5 5
a a a a a a a a a a a
p p
m m m
r r r r r r r r
