9 9
8 8 8 8 8 8 8 8 8
1 1 1 1 1 1 1 1 1 1
X X X X X
B B B B B B B B B B B B
