Impossivel
Possivel: 240
Possivel: 432
Possivel: 480
Possivel: 576
