5 5 5
7 7
0 0 0 0 0 0 0 0
1 1 1
4 4 4 4
8 8 8 8 8
6 6 6 6
9 9
2 2 2 2 2 2 2 2 2
3 3 3 3 3 3 3 3 3 3 3 3 3
b b b b b b b b b b b b b b b b b b b b b b b b
a a a a a a a a a a a
p p
m m m
r r r r r r r r
t t t t t t
K K K K K K K
R R R R R R R R R R R R
A A A A A A A A A A A A A A A A A A A A
j j j j j j j j j j
