Impossivel
Impossivel
Possivel
Possivel
Possivel
Possivel
Impossivel
Possivel
Impossivel
Impossivel
