Impossivel
Impossivel
Impossivel
Impossivel
Impossivel
Possivel
Impossivel
Possivel
Impossivel
Possivel
