Possivel: 16
Possivel: 16
Possivel: 16
Possivel: 16
Possivel: 16
