Possivel: 1152000
Impossivel
Possivel: 3271680
Impossivel
Impossivel
